// Jest Snapshot v1, https://goo.gl/fbAQLP

exports[`renders without crashing 1`] = `
<form
  onSubmit={[Function]}
>
  <div
    aria-live="polite"
    className="form-group"
  >
    <label
      htmlFor="test-foo"
    >
      Test form field
    </label>
    <input
      aria-invalid="false"
      className="form-control "
      id="test-foo"
      name="test-foo"
      onChange={[Function]}
      type="text"
      value=""
    />
  </div>
  <div
    aria-live="polite"
    className="form-group"
  >
    <label
      htmlFor="test-bar"
    >
      Second form field
    </label>
    <input
      aria-invalid="false"
      className="form-control "
      id="test-bar"
      name="test-bar"
      onChange={[Function]}
      type="text"
      value=""
    />
  </div>
  <button
    type="submit"
  >
    Submit caption
  </button>
</form>
`;
